{
  "user_name": "smirror",
  "password": "test"
}